{
  "generated_by": "scripts/secret_scan.py --write-baseline (reviewed false positives only)",
  "results": {
    ".github/workflows/eval-gate.yml": [
      {
        "filename": ".github/workflows/eval-gate.yml",
        "hashed_secret": "21b2acc767be99a6b241c04ef3fd29b17ff24a16",
        "is_verified": false,
        "line_number": 14,
        "type": "Secret Keyword"
      },
      {
        "filename": ".github/workflows/eval-gate.yml",
        "hashed_secret": "21b2acc767be99a6b241c04ef3fd29b17ff24a16",
        "is_verified": false,
        "line_number": 29,
        "type": "Basic Auth Credentials"
      }
    ],
    ".github/workflows/windows-installer.yml": [
      {
        "filename": ".github/workflows/windows-installer.yml",
        "hashed_secret": "0ba9927dc8deb33a61c711371f7ace3407591191",
        "is_verified": false,
        "line_number": 15,
        "type": "Secret Keyword"
      },
      {
        "filename": ".github/workflows/windows-installer.yml",
        "hashed_secret": "9a7756104309c294bb5efc24580f98ae79364820",
        "is_verified": false,
        "line_number": 15,
        "type": "Hex High Entropy String"
      },
      {
        "filename": ".github/workflows/windows-installer.yml",
        "hashed_secret": "dc2a494a7ca6f22cc60586b27b2abada513fef8a",
        "is_verified": false,
        "line_number": 15,
        "type": "Hex High Entropy String"
      }
    ],
    "evals/adapters/slack_wire.py": [
      {
        "filename": "evals/adapters/slack_wire.py",
        "hashed_secret": "6ee070f00082e67e8aee2a84ea57a9c3396c88e7",
        "is_verified": false,
        "line_number": 22,
        "type": "Secret Keyword"
      }
    ],
    "evals/adapters/telegram_flood.py": [
      {
        "filename": "evals/adapters/telegram_flood.py",
        "hashed_secret": "0f6583e81a777c603d5fd26d7cc5d49f35ebe46d",
        "is_verified": false,
        "line_number": 72,
        "type": "Secret Keyword"
      }
    ],
    "evals/adapters/webhook_signatures.py": [
      {
        "filename": "evals/adapters/webhook_signatures.py",
        "hashed_secret": "6ee070f00082e67e8aee2a84ea57a9c3396c88e7",
        "is_verified": false,
        "line_number": 21,
        "type": "Secret Keyword"
      },
      {
        "filename": "evals/adapters/webhook_signatures.py",
        "hashed_secret": "3f54c427e6df783456f210eef424cca4c0ce794b",
        "is_verified": false,
        "line_number": 63,
        "type": "Secret Keyword"
      }
    ],
    "install.ps1": [
      {
        "filename": "install.ps1",
        "hashed_secret": "bfd2ef97f52dc81169d2d835a8f8e531cc578ef2",
        "is_verified": false,
        "line_number": 4,
        "type": "Hex High Entropy String"
      }
    ],
    "scripts/build_eval_compat_manifest.py": [
      {
        "filename": "scripts/build_eval_compat_manifest.py",
        "hashed_secret": "196239d139a1a8b9a071174e808c3d7b417f1c0b",
        "is_verified": false,
        "line_number": 125,
        "type": "Hex High Entropy String"
      }
    ],
    "src/noesek/compat/upstream_contract.py": [
      {
        "filename": "src/noesek/compat/upstream_contract.py",
        "hashed_secret": "8bb087b93c827b4597a5683bb01d83cb1dec95e3",
        "is_verified": false,
        "line_number": 9,
        "type": "Hex High Entropy String"
      }
    ],
    "tests/test_channel_routers.py": [
      {
        "filename": "tests/test_channel_routers.py",
        "hashed_secret": "3d7f72a1a070242c77403f5878302e642bdd5dfe",
        "is_verified": false,
        "line_number": 11,
        "type": "Secret Keyword"
      }
    ],
    "tests/test_cli_behavior.py": [
      {
        "filename": "tests/test_cli_behavior.py",
        "hashed_secret": "e5e9fa1ba31ecd1ae84f75caaa474f3a663f05f4",
        "is_verified": false,
        "line_number": 6,
        "type": "Secret Keyword"
      }
    ],
    "tests/test_cli_surface.py": [
      {
        "filename": "tests/test_cli_surface.py",
        "hashed_secret": "196239d139a1a8b9a071174e808c3d7b417f1c0b",
        "is_verified": false,
        "line_number": 7,
        "type": "Hex High Entropy String"
      }
    ],
    "tests/test_db_url.py": [
      {
        "filename": "tests/test_db_url.py",
        "hashed_secret": "1a91d62f7ca67399625a4368a6ab5d4a3baa6073",
        "is_verified": false,
        "line_number": 9,
        "type": "Basic Auth Credentials"
      }
    ],
    "tests/test_eval_compat_manifest.py": [
      {
        "filename": "tests/test_eval_compat_manifest.py",
        "hashed_secret": "196239d139a1a8b9a071174e808c3d7b417f1c0b",
        "is_verified": false,
        "line_number": 22,
        "type": "Hex High Entropy String"
      }
    ],
    "tests/test_provenance.py": [
      {
        "filename": "tests/test_provenance.py",
        "hashed_secret": "196239d139a1a8b9a071174e808c3d7b417f1c0b",
        "is_verified": false,
        "line_number": 9,
        "type": "Hex High Entropy String"
      }
    ],
    "tests/test_security_audit.py": [
      {
        "filename": "tests/test_security_audit.py",
        "hashed_secret": "a09cf54fa079e8e3af282aafdcde043e99c3e3ba",
        "is_verified": false,
        "line_number": 35,
        "type": "Secret Keyword"
      },
      {
        "filename": "tests/test_security_audit.py",
        "hashed_secret": "c30c2b661f287c17694f00405ba79dbbb7331205",
        "is_verified": false,
        "line_number": 37,
        "type": "Secret Keyword"
      }
    ],
    "tests/test_signature.py": [
      {
        "filename": "tests/test_signature.py",
        "hashed_secret": "e5e9fa1ba31ecd1ae84f75caaa474f3a663f05f4",
        "is_verified": false,
        "line_number": 8,
        "type": "Secret Keyword"
      }
    ],
    "tests/test_slack_sdk_channel.py": [
      {
        "filename": "tests/test_slack_sdk_channel.py",
        "hashed_secret": "556a4a2ebba26d57ba3ba51f4ca1bb4e323d2409",
        "is_verified": false,
        "line_number": 8,
        "type": "Secret Keyword"
      }
    ],
    "tests/test_stage3_auth_stream_acp.py": [
      {
        "filename": "tests/test_stage3_auth_stream_acp.py",
        "hashed_secret": "34efeaa00693778ab9bb0b26f2c7cbe6c6c0bc0b",
        "is_verified": false,
        "line_number": 15,
        "type": "Secret Keyword"
      }
    ],
    "tests/test_turn_spine.py": [
      {
        "filename": "tests/test_turn_spine.py",
        "hashed_secret": "e5e9fa1ba31ecd1ae84f75caaa474f3a663f05f4",
        "is_verified": false,
        "line_number": 155,
        "type": "Secret Keyword"
      }
    ]
  },
  "version": "1.5.0"
}
